// Jest Snapshot v1, https://goo.gl/fbAQLP

exports[`CardImg is rendered correctly 1`] = `
<img
  alt="Fantastic Beasts"
  height="175"
  src="img/fantastic-beasts-the-crimes-of-grindelwald.jpg"
  width="280"
/>
`;
